Gene
ACE
ACTN4
AGT
AGTR1
CA12
CD2AP
CLDN16
CUL3
DGKE
EGF
FN1
FXYD2
GLIS2
KCNJ1
KLHL3
MYO1E
NPHS1
NPHS2
PLCE1
PTPRO
REN
ROBO2
SLC12A1
SLC22A12
SLC2A9
SLC34A1
SLC34A3
SLC5A2
SLC9A3R1
SOX17
TRPC6
UMOD
WNK4
ABCA3
CSF2RA
CSF2RB
SFTPB
SFTPC
SLC34A2
CLDN19
IQCB1
NPHP4
ABCA4
ADAM9
ADAMTSL4
AIPL1
BEST1
BFSP1
BFSP2
C1QTNF5
CA4
CABP4
CACNA1F
CACNA2D4
CDHR1
CERKL
CHM
CHMP4B
CHRDL1
CHST6
CNGA1
CNGA3
CNGB1
CNGB3
COL8A2
CRB1
CRX
CRYBA1
CRYBA4
CRYBB1
CRYBB2
CRYBB3
CRYGC
CRYGD
CYP1B1
CYP4V2
DCN
DHDDS
EFEMP1
EPHA2
EYS
FAM161A
FOXE3
FSCN2
FYCO1
FZD4
GJA3
GJA8
GNAT1
GNAT2
GPR179
GRK1
GRM6
GUCA1A
GUCA1B
GUCY2D
HSF4
IDH3B
IMPDH1
IMPG2
KCNJ13
KCNV2
KERA
KLHL7
KRT12
KRT2
KRT3
LCA5
LRAT
MAK
MERTK
MFRP
MYOC
NDP
NHS
NR2E3
NRL
NTF4
NYX
OPN1LW
OPN1MW
OPN1SW
PDE6A
PDE6B
PDE6C
PDE6G
PDE6H
PIKFYVE
PITPNM3
PITX3
PLA2G5
PRCD
PROM1
PRPF3
PRPF31
PRPF6
PRPF8
PRPH2
PRSS56
RAX
RAX2
RBP3
RD3
RDH12
RDH5
RGR
RGS9
RGS9BP
RHO
RIMS1
RLBP1
ROM1
RP1
RP1L1
RP2
RP9
RPE65
RPGRIP1
RS1
SAG
SEMA4A
SIX6
SLC24A1
SNRNP200
SPATA7
TACSTD2
TDRD7
TEAD1
TGFBI
TIMP3
TOPORS
TRPM1
TSPAN12
TTLL5
TULP1
UBIAD1
UNC119
VCAN
VSX2
ZEB1
ZNF513
ZNF644
SFTPA2
ALK
BMPR1A
BRCA1
CEBPA
CHEK2
DICER1
KIT
KLHDC8B
MLH3
MN1
MSH6
NF2
PDGFRA
POU6F2
RB1
RNASEL
RNF139
SDHAF2
SDHB
SDHC
TMC6
TMC8
TNFRSF10B
TP53
NR3C2
KHDC3L
NLRP7
CORIN
CNNM2
INF2
KCNA1
SLC1A1
WNK1
DCTN1
AHI1
ARL13B
ZNF423
ACO2
ASPA
ATXN7
EIF4G1
FAM126A
FLVCR1
LAMA1
MFN2
OPTN
PAX6
SCN8A
SOD1
SPTBN2
TUBA8
TUBGCP6
KIF1B
ACSL4
AFG3L2
AGTR2
AIMP1
ALDH7A1
ALS2
ANG
ANO10
AP4M1
AP5Z1
ARFGEF2
ARHGEF10
ARHGEF6
ARHGEF9
ASCL1
ASPM
ATCAY
ATL1
ATN1
ATP13A2
ATP1A2
ATP2B3
ATXN1
ATXN10
ATXN2
ATXN3
BCL11A
BDNF
BRAT1
CA8
CACNA1A
CACNB4
CACNG2
CAMTA1
CC2D1A
CCDC88C
CCT5
CDKL5
CERS1
CHD2
CHMP1A
CHMP2B
CHN1
CHRNA2
CHRNA4
CHRNB2
CLCN2
CPA6
CRADD
CRBN
CSF1R
CSTB
CTNNB1
DCC
DCX
DIP2B
DNAJB2
DST
EFHC1
EGR2
EMX2
ENTPD1
EPB41L1
EPM2A
ERLIN2
EXOSC3
FAM134B
FBXO7
FGD4
FGF14
FOXG1
FOXP1
FRMD7
FTSJ1
FUS
GABRA1
GABRB3
GABRG2
GAD1
GARS
GDAP1
GDI1
GFAP
GIGYF2
GJB1
GLRA1
GLRB
GRIK2
GRIN1
GRIN2A
GRIN2B
GRM1
HCRT
HEPACAM
HSPB1
HSPB3
HSPB8
HSPD1
HTT
IGHMBP2
IL1RAPL1
IQSEC2
ITPR1
JPH3
KANK1
KARS
KCNC3
KCNMA1
KCNQ2
KCNQ3
KCNT1
KCTD7
KIAA0196
KIF1A
KIF4A
KIF5A
LAMB1
LAMC3
LGI1
LITAF
LMNB1
LRP1
LRRK2
LRSAM1
MAOA
MAPK10
MAPT
MCPH1
MECP2
MED17
MED23
MLC1
MOG
MPZ
MTMR2
MTPAP
MYT1L
NDE1
NDST1
NEFL
NGF
NHLRC1
NIPA1
NLGN3
NLGN4X
NOL3
NOP56
NUP62
OCLN
PAFAH1B1
PARK2
PARK7
PCDH19
PDYN
PER2
PFN1
PINK1
PLA2G6
PLCB1
PNKP
PNPLA1
PPP2R2B
PRICKLE1
PRICKLE2
PRKCG
PRKRA
PRNP
PRRT2
PRSS12
PRX
PTCHD1
RAB7A
RAD51
RARS2
RB1CC1
REEP1
RTN2
RTTN
SCN1A
SCN2A
SEPSECS
SERPINI1
SETX
SH3TC2
SHANK2
SIGMAR1
SLC1A3
SLC20A2
SLC25A12
SLC25A22
SLC5A7
SLC6A3
SLC6A5
SLITRK1
SNCA
SNCB
SPAST
SPG11
SPG21
SPG7
SPTAN1
SPTLC1
SRPX2
ST3GAL3
STIL
STXBP1
SYN1
SYNGAP1
SYP
SYT14
TAF2
TARDBP
TBP
TCTN1
TDP1
TGM6
THAP1
TOR1A
TSEN2
TSEN34
TSEN54
TSPAN7
TTBK2
TUBA1A
TUBB2B
TUSC3
UBE3A
UBQLN2
VAPB
VCP
VLDLR
VPS35
VPS37A
VRK1
WDR62
WWOX
YARS
ZFYVE26
ZFYVE27
ZNF41
ZNF674
ZNF711
LPIN1
ADAMTS17
CRTAP
GDF3
GDF6
LRP5
SMOC1
ZNF469
EXT1
MTAP
IFT140
LAMB2
OCRL
SDCCAG8
TMEM138
TTC21B
DAG1
ISPD
LARGE
PLP1
POMGNT2
TPP1
BUB1B
ACTA1
AGRN
ATP6AP2
CHAT
CHRNA1
CHRNB1
CHRND
CHRNE
CLCF1
CNTNAP2
COL6A2
COLQ
CRLF1
DOK7
DYNC1H1
FOXP2
GFPT1
GOSR2
GRIA3
HES7
ITGA7
KIF5C
LAMA2
LIFR
MUSK
PLEKHG5
RAPSN
ROBO3
SHROOM4
SMN1
SMN2
SPG20
TFG
TREM2
TUBB3
TYROBP
UBA1
ZDHHC9
ACVR1
ATP2A1
BHLHA9
BIN1
BMP2
CAPN3
CFL2
CLCN1
CNTN1
COL10A1
COL6A1
COL6A3
COL9A3
COMP
DLL3
DNAJB6
DRD2
DUX4
DYM
FBLN1
FGF9
FUZ
GDF5
GHSR
HOXD10
HPGD
IFT80
IHH
KBTBD13
KIF21A
LFNG
MATN3
MESP2
MMP13
MMP9
MSTN
MYBPC1
MYF6
MYH2
NEB
NKX3-2
NPR2
PABPN1
PHOX2A
PIP5K1C
PLEKHM1
PLOD2
PPIB
SEPN1
SERPINF1
SGCE
SGCG
SHOX
SLC35D1
TBX4
TNNT1
TRAPPC2
TRIP11
VMA21
WISP3
WNT10B
SLC4A1
THBD
GCNT2
EGLN1
EPAS1
ETV6
MPL
RUNX1
THPO
ADAMTS13
NPHP1
FTL
HK1
AK1
ABCB7
SLC2A1
TGFB1
PGK1
DNM2
OSTM1
TBXAS1
VPS13A
HOXA11
ANK1
ANKRD26
ANO6
BPGM
CD36
CD59
CSF3R
CYCS
EPB41
EPB42
ERMAP
F10
F11
F13A1
F13B
F2
F5
F7
F8
F9
FGB
FUT1
GATA1
GCLC
GLRX5
GP1BA
GP1BB
GP6
GP9
GPI
HBA1
HBA2
HBG1
HBG2
HRG
ITGA2B
ITGB3
JAK2
KLF1
KLKB1
LMAN1
MASTL
MCFD2
NBEAL2
NT5C3A
P2RY12
PKLR
PLAU
PROC
PROS1
RHAG
SERPINC1
SERPIND1
SERPINE1
SERPINF2
SLC11A2
SLC25A38
SPTA1
SPTB
TF
TMPRSS6
TUBB1
VKORC1
VWF
UPK3A
TSPYL1
CHRM3
HOXA13
B9D1
ZBTB16
BMPR1B
AURKC
DPY19L2
INSL3
MAMLD1
RXFP2
SPATA16
SYCP3
USP9Y
ABCB1
AFP
BCR
CD4
COMT
CYP1A2
CYP2A6
CYP2B6
CYP2C19
CYP2C9
CYP2D6
DPYD
EPX
HLA-A
LPA
LTC4S
MC1R
PON1
SSTR5
MYO5B
FAN1
GUCY2C
SERPINA1
ABCB11
ASCC1
CTHRC1
MSR1
PRSS1
SPINK1
ATP8B1
IFT88
CEP164
CEP41
PHOX2B
APTX
CYP7B1
GDNF
TTPA
VIPAS39
EPCAM
TMEM67
B9D2
TMEM216
TMEM231
L1CAM
SAR1B
AMN
CUBN
MTTP
PANK2
CPOX
MTM1
NPHP3
GIF
SEC23B
MNX1
CC2D2A
VANGL1
AXIN1
ABCB4
ABCC2
AKR1D1
ANGPTL3
BAAT
BLVRA
CLMP
EPHX1
GPD1
HSD3B7
LCT
PRKCSH
SEC63
SI
SLC10A2
SLC26A3
SLC5A1
SLCO1B1
SLCO1B3
TMPRSS15
TRPM6
UGT1A1
IGSF1
CYP17A1
AQP2
AVP
AVPR2
CLCN5
CYP24A1
HNF4A
HSD11B2
PAX8
STX16
CDC73
CYP11A1
CYP11B1
AIP
CDKN1B
HNF1A
MEN1
SLC5A5
TG
TPO
DIAPH2
FIGLA
FSHB
NOBOX
POF1B
SARS2
HESX1
AFF2
EIF2B1
EIF2B2
EIF2B3
EIF2B4
EIF2B5
IER3IP1
KCNJ11
KISS1
KISS1R
NSMF
NTRK2
PDE8B
SLC6A2
WDR11
ZIC2
CASR
LHX4
SIL1
HS6ST1
SOX3
TBCE
AKT2
PAPSS2
CYB5A
PUS1
HNF1B
AKR1C2
AMH
AMHR2
CYP11B2
LHCGR
MAP3K1
SRD5A2
SRY
NR0B1
NR5A1
BMP15
FSHR
INPP5E
OTX2
AR
DHH
GNRH1
SEMA3A
STAR
CBX2
GNRHR
HSD17B3
HSD3B2
PSMC3IP
RET
GLIS3
TTR
CEL
NEUROG3
PCSK1
RFX6
ABCC8
BLK
CYP19A1
CYP27B1
CYP2R1
DMP1
DUOX2
DUOXA2
GCK
GCM2
GH1
GHR
GHRHR
H6PD
HSD11B1
IGF1R
INS
IYD
KLF11
LEP
LHB
MC2R
MC4R
MRAP
NEUROD1
NNT
NR3C1
PAX4
PDE11A
PPARG
PPP1R3A
PROP1
PTH
SERPINA6
SERPINA7
TAC3
TACR3
TBX19
THRA
THRB
TRHR
TSHB
TSHR
ZFP57
ITGA3
COL17A1
GPR143
OCA2
RBP4
SLC45A2
TYR
TYRP1
FLCN
DDB2
BAP1
CDK4
CDKN2A
CYLD
FERMT1
MLH1
MSH2
MUTYH
PMS2
POLH
SUFU
XPC
SLC27A4
ST3GAL5
MRE11A
XPA
AKT3
MYO5A
SCN9A
SNAP29
GALNT3
KL
LMX1B
CDH3
NLRP1
PTCH2
GTF2H5
ZNF592
ERCC8
GAN
RBPJ
GORAB
LEMD3
MMP2
SLCO2A1
ABCB6
WRAP53
ADAR
UROS
WNT7A
ITGB4
LYZ
RHBDF2
STK11
PLG
COX4I2
FECH
ALAS2
CLDN1
ITGA6
PIK3CA
GNAS
RBM28
VDR
AAAS
POMC
FBLN5
PNPLA2
AAGAB
ABCA12
ABCC11
ALOX12B
ALOXE3
APCDD1
ATP2A2
ATP2C1
CARD14
COL7A1
CSTA
CYP4F22
DSC3
DSG4
FLG
FZD6
GJB4
HOXC13
HR
IL31RA
IRF4
KRT1
KRT10
KRT13
KRT16
KRT4
KRT5
KRT6A
KRT74
KRT81
KRT83
KRT85
KRT86
KRT9
LAMC2
LIPH
LIPN
LOR
LPAR6
MLPH
NCSTN
NIPAL4
OSMR
PKP1
PLCD1
POMP
PSENEN
RPL21
RSPO4
SART3
SLURP1
SMARCAD1
ST14
TGM1
TGM5
TRPV3
UVSSA
ZNF750
FGF23
CNNM4
PITX2
AXIN2
SLC4A4
ROGDI
FKBP10
LTBP3
PTHLH
SP7
POLR3A
POLR3B
ALPL
TNFRSF11B
APC
ZMPSTE24
PVRL4
WNT10A
EDAR
EDARADD
KRT14
KRT17
KRT6B
LAMB3
ENAM
AMELX
FAM20A
FAM83H
KLK4
MMP20
PAX9
SMOC2
WDR72
RPS26
HMX1
VSX1
CDH1
HPSE2
IKBKAP
ADAMTS18
MBD5
VAX1
AP4E1
AP4S1
COL4A3BP
DEAF1
DYRK1A
EEF1A2
GATAD2B
KIAA2022
MAN1B1
MEF2C
NRXN1
OPHN1
PAK3
RAB39B
RELN
SHANK3
SLC6A17
SLC9A6
SOBP
TECR
ZBTB18
BMPER
MAFB
BMP1
DHODH
SCARF2
SEC23A
ERCC1
LRP4
NFIX
TMEM237
ALX1
CANT1
COL18A1
POMGNT1
RAB18
RAI1
TCF4
SMARCE1
ALX3
AP1S2
AP4B1
ARSE
C5
CDH15
CENPJ
CEP135
CEP152
CEP63
DLG3
EMG1
EP300
FIG4
GLE1
HDAC4
HDAC8
HUWE1
KIRREL3
LARP7
MAGEL2
P4HB
PCNT
PHF8
PIK3R2
PPP2R5D
RNF135
SLC12A6
SMC3
SNIP1
SRCAP
TAF1
TRPS1
TRPV4
UPF3B
ZDHHC15
ZNF81
DIS3L2
ACAN
ANKH
CCDC8
CHRNG
CUL7
DDR2
EFNB1
GNAI3
HOXD13
HSPG2
IFITM5
IMPAD1
KLHL41
MEGF10
MSX2
MYH3
MYH8
OBSL1
ORC1
ORC4
PITX1
SF3B4
SH3BP2
SLC26A2
TBX15
TNNI2
TNNT3
TPM3
RPL35A
RPS10
RPS7
RPS17
LBR
TMCO1
ARX
TMEM5
BRWD3
FGD1
KDM5C
THOC2
ORC6
ATRX
PNPLA6
PTF1A
WAC
KIF7
TCTN2
RPGRIP1L
MED12
FAM58A
DYNC2H1
FRAS1
FREM2
GRIP1
ZEB2
EXT2
CDC6
CDON
SHH
SIX3
FMR1
PROK2
PROKR2
TGIF1
TRAPPC9
BMP4
GLI2
CDT1
CUL4B
GLI3
NIN
PHF6
SLC16A2
TRMT10A
FOXL2
RAB3GAP1
ICK
IGF2
POR
WNT3
CDKN1C
KCNQ1OT1
PTEN
WDR35
ADAMTS2
ERCC5
RAD50
ALX4
ARID1A
ARID1B
ASXL1
ASXL3
B4GALT7
KANSL1
KMT2A
PDGFRB
PVRL1
PYCR1
RBBP8
SMARCA2
SPRED1
ARHGAP31
SLC39A13
TWIST2
RIPK4
UBE2A
IRF6
FREM1
MBTPS2
PLEC
NBAS
SPINT2
FOXE1
PTCH1
SERPINH1
FAM20C
ANKRD11
KCNK9
SATB2
TTI2
RUNX2
FGF8
SOX2
IFT43
ATR
RIN2
DLX3
IFT122
OFD1
POC1A
MSX1
IL11RA
TDGF1
ALG2
PLCB4
SUMO1
TBX22
PDE4D
SLC12A3
BMPR2
SMAD9
IGFBP7
SCARB2
JAM3
ABCA1
MTFMT
PSEN2
ADCY5
APP
CALM1
CCM2
CST3
PDCD10
SCN1B
TRDN
ISCU
RYR1
CRYAB
COL4A1
ADAMTS10
B3GALNT2
DMD
DPP6
FKRP
FKTN
POMT1
POMT2
BAG3
CLIC2
DES
EHMT1
MYOT
SCN4A
SACS
CAV3
CHST3
CSRP3
DYSF
EMD
FHL1
FLNC
KCNJ2
LDB3
MYH7
MYL2
NT5E
PRG4
RASA1
SGCA
SGCB
SGCD
SYNE1
SYNE2
TBX5
TCAP
TMEM43
TTN
VHL
CDAN1
XK
YARS2
ZFPM2
ECE1
FOXF1
ZIC3
GATA4
APOA1
NEK8
PKD1
PKD2
NODAL
INVS
APOC2
GFM1
ACVR2B
APOE
ENG
APOB
FGA
LPL
RNASEH2B
RNASEH2C
RNASEH2A
APOA5
CFC1
CRELD1
STRADA
BSCL2
CACNA1S
CTDP1
FXN
DMPK
WT1
CYP21A2
WNT4
LZTFL1
CAV1
GATA6
AGPAT2
PTRF
MKKS
LMF1
PLIN1
KCNJ5
NKX2-5
POU1F1
GSN
PSEN1
GJC2
HTRA1
KRIT1
ENPP1
NSDHL
EFEMP2
PLOD1
FOXC2
ACTA2
SMARCA4
SMARCB1
CHKB
ABCC9
NOTCH1
ABCC6
CTC1
GGCX
SLC2A10
TNXB
ACVRL1
TREX1
SAMHD1
ELN
PRKAR1A
DSC2
DSP
GLMN
JUP
LDLRAP1
PHEX
TBX3
TSC1
TSC2
EIF2AK3
KIF11
MED13L
TBX1
NEK1
PRKAG2
LTBP2
ERBB3
PIGO
TCTN3
FBN1
ESCO2
KDM6A
SH3PXD2B
MAP2K2
FLVCR2
NOTCH3
SKI
SMC1A
B3GAT3
LMBR1
RBM10
TFAP2B
TGFB3
TPM2
RPS24
RPL11
RPL5
AKT1
RPS19
MAP2K1
ROR2
HYLS1
CD96
SETBP1
GPC3
GPC6
SETD5
FBN2
JAG1
MID1
SPECC1L
SEMA3E
CEP290
STRA6
BBS1
BBS10
BBS12
BBS2
BBS4
BBS5
BBS7
BBS9
TTC8
FOXH1
WDPCP
RAB3GAP2
CEP57
NOTCH2
ARL6
MKS1
COL3A1
TGFBR1
TGFBR2
COX7B
NAA10
ALDH18A1
DOCK6
NSD1
NF1
CBL
MGP
BANF1
SMAD3
TGFB2
KRAS
SOS1
SOX18
MED25
PIGA
CHUK
NRAS
BRAF
RAF1
PIGN
LTBP4
PQBP1
TRIM32
SHOC2
WRN
TRIM37
WNT5A
RAD21
BCOR
GJA1
HRAS
EVC
EVC2
WDR19
COX14
APOC3
ACTC1
ACTN2
AKAP9
ANK2
CACNB2
CALR3
CASQ2
CETP
CITED2
COL4A2
DSG2
DTNA
GATAD1
GDF1
GJA5
GPD1L
HCN4
JPH2
KCNA5
KCNE2
KCNE3
KCNH2
LAMA4
LDLR
LIPC
MIB1
MYBPC3
MYH11
MYH6
MYL3
MYLK
MYLK2
MYOZ2
MYPN
NEXN
NKX2-6
NPPA
PCSK9
PKP2
PLN
RBM20
RNF213
RYR2
SCN2B
SCN3B
SCN4B
SCN5A
SMAD6
SNTA1
TAB2
TBX20
TEK
TLL1
TMPO
TNNC1
TNNI3
TNNT2
TPM1
TRPM4
VCL
HIBCH
ACADS
GRHPR
HOGA1
SLC16A12
SLC36A2
SLC3A1
SLC6A20
SLC7A9
PLA2G7
PDSS2
AMT
CLN3
CLN5
CLN6
CLN8
CTSD
FASTKD2
GALK1
GCSH
GLDC
GM2A
GRN
HEXA
HEXB
MCEE
MCOLN1
MFSD8
MOCS1
OPA3
PPT1
SUOX
L2HGDH
SDHD
ABAT
ACAT1
ACSF3
ACY1
ADCK3
ADSL
ALDH4A1
ALDH5A1
ARG1
ARSA
ASNS
ATP5E
AUH
BCKDHA
BCKDHB
BCKDK
COG5
CPS1
DARS2
DBT
DDC
DECR1
DLAT
DLD
DNAJC5
DNM1L
DPYS
EARS2
FA2H
FOLR1
GALC
GAMT
GATM
GCH1
GK
GLUL
GLYCTK
HCFC1
HMGCL
HMGCS2
HPD
LIAS
MAT1A
MCCC1
MCCC2
MOCS2
NAGS
NAT8L
PC
PDHA1
PDHB
PDHX
PDP1
PNPO
PRODH
PSPH
PTS
QDPR
RPIA
SGSH
SLC19A3
SLC25A19
SPR
TH
TPK1
UPB1
UQCRQ
UROC1
APRT
PGAM2
PHKA1
PYGM
XDH
COQ2
COQ6
COQ9
ASAH1
COX6B1
GPHN
ISCA2
OAT
ACADM
AGPS
DHTKD1
DPM2
FARS2
GNS
MANBA
NAGLU
NUBPL
SUCLG1
TTC19
AMPD1
DMGDH
ENO3
TK2
MTRR
GSS
MMAA
MMAB
MMADHC
COG8
CYB5R3
DHFR
PIGM
ALDOA
HPRT1
DPAGT1
MPDU1
B4GALT1
MUT
DBH
OPLAH
ALDOB
GALE
ATP7B
NPC1
ALAD
ASS1
DDOST
GYS2
MRPS16
NPC2
OTC
SLC25A15
TUFM
FAH
ETFA
ETFB
ETFDH
RRM2B
MPV17
DGUOK
GNE
PHKA2
PHKG2
POLG2
PSAP
TYMP
PHKB
ALG1
SLC25A13
RFT1
SLC30A10
MPI
GNMT
MCM6
TRMU
UQCRB
PCBD1
ABCD1
CTNS
SLC16A1
SCP2
SLC2A2
AMACR
CP
PDX1
ALG6
HMBS
GALT
HADH
GLUD1
STS
SLC6A19
ALDH3A2
ATIC
ELOVL4
HLCS
TAT
NAGA
ASL
PAH
LDHA
PPOX
FUCA1
COG6
UROD
SLC39A4
ABHD5
GALNS
DPM1
GNPAT
DHCR24
LRPPRC
PSAT1
CTSK
ABCD3
SC5D
PEX10
PEX11B
PEX12
PEX13
PEX14
PEX16
PEX19
PEX2
PEX26
PEX3
PEX5
MOGS
EBP
ATP6V0A2
HYAL1
PHGDH
TMEM165
MPC1
MRPS22
AGXT
BOLA3
D2HGDH
GCDH
IVD
MLYCD
MTO1
HGD
ARSB
RMND1
GAA
AGK
FOXRED1
SCO2
SDHAF1
SDHA
ATPAF2
COX15
DPM3
GNPTAB
GYS1
LAMP2
NFU1
SLC25A3
GNPTG
GYG1
LCAT
MTR
MTHFR
ACAD8
ABCG5
ABCG8
CYP27A1
NDUFA1
NDUFA10
NDUFA11
NDUFA12
NDUFA2
NDUFA9
NDUFAF1
NDUFAF2
NDUFAF3
NDUFAF4
NDUFAF5
NDUFAF6
NDUFB3
NDUFS1
NDUFS2
NDUFS3
NDUFS4
NDUFS6
NDUFS7
NDUFS8
NDUFV1
NDUFV2
AHCY
ETHE1
SLC17A5
ACADVL
CPT1A
CPT2
HADHA
HADHB
GBE1
SLC25A20
ACAD9
AGL
COG1
MRPL3
SCO1
SLC22A5
TSFM
PFKM
G6PC
PMM2
GBA
COG7
DNAJC19
ALG9
ALG8
LIPA
AARS2
SMPD1
PGM1
HAMP
HFE
HFE2
SLC40A1
TFR2
IDUA
MMACHC
CBS
DOLK
ATP7A
IDH2
SURF1
GUSB
ADAMTSL2
TMEM70
DHCR7
SUMF1
GLB1
TALDO1
SRD5A3
COA5
IDS
ALG11
ALG3
AASS
ACADSB
ALDH6A1
BCHE
CD320
CES1
CTH
DCXR
FBP1
FMO3
FTCD
FUT6
LDHB
NAT1
OXCT1
PYGL
TMLHE
TPMT
ACTG1
ATP6V0A4
ATP6V1B1
BSND
CLCNKA
CLCNKB
COL4A3
COL4A4
COL4A5
PAX2
CDH23
CIB2
CLRN1
DFNB31
MYO7A
PCDH15
PDZD7
USH1C
USH1G
USH2A
MET
KCNJ10
XPNPEP3
ATP1A3
HARS
ITM2B
SBF2
AARS
BEAN1
CDK5RAP2
DNMT1
GPSM2
PMP22
RNASET2
ABHD12
DIAPH1
GFER
OPA1
TIMM8A
SQSTM1
MYH14
NDRG1
MATR3
MYH9
SLC4A11
SRP72
TJP2
GATA3
WFS1
IGF1
LHX3
SECISBP2
SLC19A2
HARS2
CISD2
SLC26A4
FOXI1
MITF
SNAI2
GJB3
TBC1D24
CD151
EDNRB
EDN3
SOX10
RSPO1
KITLG
DLX5
TCIRG1
TNFSF11
FGF10
GRHL2
LAMA3
DSPP
COL9A1
SIX1
SIX5
EYA1
TCOF1
CASK
HOXB1
MAF
LRP2
COL11A1
COL11A2
COL2A1
COL9A2
IGBP1
MASP1
EZH2
TWIST1
FLNB
HOXA2
KIF22
NOG
PTH1R
SOST
COLEC11
PAX3
TFAP2A
ERCC6
FGFR3
PIGV
POLR1C
CA2
CHSY1
FGFR2
FGFR1
KAT6B
EDNRA
PORCN
TP63
UBR1
FGF3
POLR1D
PRRX1
TSHZ1
TMEM126A
FOXC1
PLOD3
SMAD4
CACNA1D
SLC25A4
ALMS1
CNBP
COL1A2
COL1A1
COL5A1
COL5A2
HCCS
DCAF17
HOXA1
RPS6KA3
PRDM5
ACTB
DDX11
SOX9
RPL26
FTO
FKBP14
MYCN
EFTUD2
AMER1
NIPBL
FLNA
SALL4
SALL1
PTPN11
CHST14
LMNA
ERCC4
RECQL4
RAB23
PTPN14
EYA4
KCNE1
KCNQ1
SLC33A1
HSD17B10
SERAC1
PNPT1
SLC52A2
SLC52A3
NEU1
AIFM1
HGSNAT
HSD17B4
ECM1
BCS1L
ACOX1
POLG
SLC6A8
MGAT2
PEX6
PEX1
COX10
ADK
CTSA
PDSS1
GLA
PHYH
PEX7
BRIP1
FANCA
FANCB
FANCC
FANCD2
FANCE
FANCF
FANCG
FANCI
FANCL
FANCM
SLX4
CABP2
CCDC50
CEACAM16
CLDN14
COCH
COL4A6
DFNA5
DFNB59
DIABLO
ESPN
ESRRB
GIPC3
GRXCR1
HGF
ILDR1
KCNQ4
LHFPL5
LOXHD1
LRTOMT
MARVELD2
MSRB3
MYO15A
MYO1A
MYO3A
MYO6
OTOA
OTOF
OTOG
OTOGL
POU3F4
POU4F3
PTPRQ
RDX
SERPINB6
SLC17A8
SLC26A5
SMPX
STRC
TECTA
TMC1
TMIE
TMPRSS3
TPRN
TRIOBP
TSPEAR
C1S
C2
CD81
SCNN1A
SCNN1B
SCNN1G
TAP1
TAP2
ADA
CORO1A
ELANE
GFI1
ITK
STAT1
ATM
DOCK8
STX11
DNMT3B
MAGT1
RANBP2
STXBP2
ORAI1
ANO5
C4A
CFI
CFH
C3
CTLA4
FAS
FASLG
CASP10
CD40LG
PRF1
SH2D1A
UNC13D
XIAP
SLC35A1
NBN
F12
FERMT3
G6PD
SBDS
CD247
CIITA
IL10RA
IL10RB
IL2RA
RFX5
RFXANK
RFXAP
RPSA
SERPING1
HTR1A
NKX2-1
ACP5
PKHD1
CFTR
LEPR
C1QA
C1QB
C1QC
NTRK1
TNFRSF1A
MEFV
NOD2
LAMTOR2
BRCA2
LYST
RAB27A
TINF2
WIPF1
LPIN2
WAS
HPS1
HPS3
HPS4
HPS5
HPS6
BLOC1S3
BLOC1S6
DTNBP1
DCLRE1C
RAG1
RAG2
TTC7A
PSTPIP1
ERCC3
BLM
FOXP3
DKC1
NHP2
AIRE
STAT5B
MVK
CDSN
CXCR4
FOXN1
IL1RN
IL36RN
PLCG2
SPINK5
USB1
IKBKG
SAMD9
AP3B1
MPLKIP
ANTXR2
NFKBIA
NOP10
CTSC
PRKDC
RNF168
NHEJ1
LIG4
HMOX1
ITCH
SKIV2L
ERCC2
VPS13B
EDA
ZBTB24
TTC37
EGFR
CACNA1C
TPI1
HBB
B2M
FADD
SP110
RAD51C
LRBA
STAT3
SMARCAL1
DSG1
PALB2
ADAM17
PSMB8
TERT
CREBBP
STIM1
INSR
FLT4
STK4
PNP
SLC35C1
ALG13
UMPS
SLC37A4
COG4
SLC46A1
TCN2
SLC7A7
BTD
PEPD
ABCD4
PCCA
PCCB
LMBRD1
TAZ
ALG12
AGA
RSPH4A
RPGR
HAX1
RSPH9
NLRP3
GJB2
GATA2
GJB6
CLCN7
TNFRSF11A
CCDC103
CCDC40
DNAAF2
DNAH11
DNAH5
DNAL1
NME8
CCDC39
DNAAF1
DNAI1
DNAI2
LRRC6
SLC29A3
CHD7
G6PC3
CCBE1
KMT2D
SUCLA2
MAN2B1
PRPS1
AK2
AICDA
BCL10
BLNK
BTK
C4B
C6
C7
C8A
C8B
C9
CARD9
CASP8
CAT
CD19
CD3D
CD3E
CD3G
CD40
CD79A
CD79B
CD8A
CEBPE
CFD
CFP
CLEC7A
COPA
CPN1
CR2
CYBA
CYBB
DNASE1L3
FCN3
ICOS
IFNAR2
IFNGR1
IFNGR2
IGLL1
IL12B
IL12RB1
IL17F
IL17RA
IL21R
IL2RG
IL7R
IRAK4
IRF8
ITGB2
JAK3
LRRC8A
MASP2
MPO
MS4A1
MYD88
NCF1
NCF2
NCF4
NLRP12
PTPRC
RAC2
TAPBP
TICAM1
TLR3
TNFRSF13B
TNFRSF13C
TYK2
UNC93B1
UNG
ZAP70
A2M-AS1
ABHD14A
ABHD14A-ACY1
ABL1
ACACA
ACAD11
ACADL
ACAT2
ACBD6
ACP2
ADIPOQ
ADIPOQ-AS1
ADORA2A
ADRA2B
AFF1
AGO1
ALDH1A1
ALDH2
ALG10
ALG10B
ALLC
AMELY
ANGPT2
AP2A1
AP4B1-AS1
APIP
APOA4
APOC4-APOC2
APOF
APOL1
ARAF
ARHGAP26
ARHGEF12
ARID5A
ARIH1
ARL14EP
ARVCF
ASCC3
ASH1L
ASPSCR1
ASTE1
ATP5SL
AVIL
AXDND1
B3GALTL
B4GALT1-AS1
BCAN
BCL2
BCL2L2-PABPN1
BCL3
BCMO1
BDNF-AS
BDP1
BIVM
BIVM-ERCC5
BLOC1S1-RDH5
C10orf105
C10orf2
C10orf53
C10orf55
C11orf91
C12orf29
C12orf43
C12orf57
C12orf65
C16orf58
C16orf93
C17orf107
C19orf12
C1GALT1C1
C1orf145
C1QTNF1
C1QTNF3-AMACR
C1R
C22orf39
C2orf71
C4B_2
C4orf26
C5orf42
C8orf37
C9orf66
C9orf72
CACNA1C-AS1
CACNA1G
CACNA1H
CALU
CAMK1
CAMK2G
CAPN10
CASC5
CASP2
CATSPER1
CBFB
CCDC11
CCDC176
CCDC6
CCDC78
CCL11
CCNA2
CCND1
CCNT2
CD3EAP
CD81-AS1
CD82
CDC27
CDCA7L
CDK11A
CDK11B
CDK16
CDK18
CDK19
CDKN2AIP
CDKN2B-AS1
CDR1
CEACAM5
CEBPG
CFC1B
CFHR5
CHKB-CPT1B
CHPT1
CHRFAM7A
CHRM2
CHRNA7
CIRH1A
CLCC1
CLCN4
CLDN23
CLIP1
CLRN1-AS1
CNKSR1
CNKSR2
COL14A1
COL4A2-AS1
COQ5
CREB1
CRH
CRYL1
CSHL1
CSTF2
CT47A1
CT47A10
CT47A11
CT47A12
CT47A2
CT47A3
CT47A4
CT47A5
CT47A6
CT47A8
CT47A9
CTD-2258A20.5
CTGF
CTNND2
CTXN2
CUL4A
CUX2
CYP1A1
CYP21A1P
CYP26B1
CYP2D7P
DAAM2
DACT1
DAZ1
DAZ4
DBH-AS1
DBI
DCBLD1
DCHS2
DCK
DDB1
DDHD1
DDIT3
DEC1
DGUOK-AS1
DIAPH3
DIAPH3-AS1
DIO1
DIRC2
DISP1
DLEC1
DLG1
DLG4
DLG5
DMRT1
DMRT2
DNAAF3
DNAJB7
DNASE1L1
DPEP1
DPYD-AS1
DUOXA1
DUS4L
DUX2
DUX4L2
DUX4L3
DUX4L5
DUX4L6
DYRK4
EEF1B2
EFCAB13
EFNA4
EGFR-AS1
EIF2S3
ELK1
ELP2
ENTPD1-AS1
EPHB2
EPHX2
EPPK1
ERBB2
ERCC6-PGBD3
ETV1
EWSR1
EXOSC5
F11-AS1
FAM104A
FAM161B
FAM86A
FANCD2OS
FASN
FBXW4
FCGR2C
FES
FHL2
FKBPL
FLG-AS1
FLT3
FMR1-AS1
FOXO1
FOXO4
FRA10AC1
FRG1
FRMPD4
FRY
FUCA2
FUNDC2
FXYD6-FXYD2
GABRA3
GABRD
GBGT1
GDF9
GFM2
GGACT
GHRH
GIP
GK2
GLIS3-AS1
GLYAT
GMPS
GNAI2
GOLGA5
GON4L
GOPC
GOT1
GPR35
GPR56
GPR98
GPX1
GRIA1
GRID1
GRPR
GSN-AS1
GSR
GTF2I
HACE1
HACL1
HAGH
HBD
HBE1
HBEGF
HBQ1
HBZ
HEATR2
HEPN1
HINT1
HIP1
HIRA
HIST1H4B
HIST2H4A
HIST2H4B
HIST3H3
HIVEP2
HLA-DOB
HLA-DQB1
HLA-DQB2
HLA-DRA
HLA-DRB1
HMGA1
HMGA2
HNRNPUL2-BSCL2
HOXC13-AS
HTRA2
HVCN1
HYDIN
ICAM1
IFNG
IFRD1
IGF2-AS
IGFBP7-AS1
IL21R-AS1
IL3RA
IL4R
IL6
ILK
ING1
INPP4A
INS-IGF2
INSRR
IPP
IRF1
IRGM
IRX5
ITGA2
ITGAM
KAL1
KCNE1L
KCNE4
KCNJ8
KDM5A
KDM5D
KDM6B
KDM7A
KDR
KIAA0226
KIAA1279
KIAA1614
KLF6
KLF8
KLHL15
LAS1L
LDLRAD2
LEPRE1
LEPREL1
LEPROT
LILRB2
LIN28B
LINS
LMAN2L
LOC100129427
LOC100129518
LOC100130744
LOC100132529
LOC100287042
LOC100289092
LOC100294362
LOC100505549
LOC100505666
LOC100506071
LOC100506136
LOC100506801
LOC100507308
LOC100507346
LOC100507600
LOC100527964
LOC100652770
LOC101448202
LOC101926943
LOC101927318
LOC101927718
LOC101928371
LOC101928882
LOC101929387
LOC101929680
LOC101929829
LOC102724058
LOC102724153
LOC257396
LOC284889
LOC606724
LOXL3
LPP
LRFN4
LRP4-AS1
LRRK1
LSMEM1
LYL1
LYSMD3
LZTS1
MAD1L1
MAGI1
MAK16
MAOB
MAP3K8
MAPK1
MCF2
MCM4
MCM7
METTL8
MICAL1
MIF
MINPP1
MIPOL1
MIR1273H
MIR1292
MIR3606
MIR3911
MIR4253
MIR4260
MIR4315-1
MIR4315-2
MIR4321
MIR4709
MIR4721
MIR4761
MIR5004
MIR555
MIR6084
MIR6511B1
MIR6800
MIR711
MIR7855
MIR936
MIR943
MLF1
MLLT1
MLLT10
MLLT3
MLX
MMP1
MRPS12
MS4A2
MSTO2P
MTF1
MYB
MYC
MYH4
MYLK-AS1
MYO1G
NCAPH2
NCK2
NCOA4
NDN
NDUFA7
NDUFS5
NECAB2
NELFA
NICN1
NIP7
NKX2-1-AS1
NME1
NME1-NME2
NMNAT1
NOA1
NPEPL1
NPHP3-ACAD11
NPHP3-AS1
NPM1
NPPA-AS1
NR0B2
NR1D1
NR1H3
NR2C2AP
NR4A3
NRG3
NRTN
NSUN2
NTNG1
NUP214
OBSCN
OGDH
OGG1
OPA1-AS1
OPN1MW2
OXCT1-AS1
PAK6
PAPPA
PARP1
PAX7
PAX8-AS1
PBX1
PCDHGA1
PCDHGA10
PCDHGA11
PCDHGA12
PCDHGA2
PCDHGA3
PCDHGA4
PCDHGA5
PCDHGA6
PCDHGA7
PCDHGA8
PCDHGA9
PCDHGB1
PCDHGB2
PCDHGB3
PCDHGB4
PCDHGB5
PCDHGB6
PCDHGB7
PCDHGC3
PCDHGC4
PCDHGC5
PCID2
PCK1
PCK2
PCM1
PDF
PDGFB
PDGFRL
PDLIM3
PECR
PEMT
PFKFB1
PGBD3
PGD
PGR
PHACTR1
PHB
PHIP
PHKA2-AS1
PI3
PICALM
PIGL
PINK1-AS
PINX1
PLAG1
PLAT
PLCE1-AS1
PLEKHG4
PMPCA
PNKD
PNLIP
PNMT
POLA1
POLK
POLR3D
POLR3H
PON3
PPM1D
PPM1E
PPP2R1B
PRCC
PREPL
PRICKLE2-AS1
PRICKLE2-AS3
PRKAR1B
PRKCA
PRMT9
PROX2
PRPS2
PRSS58
PSG1
PSG2
PSG7
PSG8
PSMA7
PTGIS
PTOV1-AS1
PTPN13
PTPN2
PTPRJ
PTPRR
PUS10
PVR
RAB40AL
RABEP2
RABGEF1
RABL6
RAD54L
RALGDS
RANGRF
RAPGEF1
RARA
RARA-AS1
RASSF1
RASSF1-AS1
RBM8A
RCVRN
REG1A
RENBP
RGS7
RHBDD2
RLIM
RNASE4
RNF170
RNF212
RNF6
RPL10
RPL21P28
RPS10-NUDT3
RPS14
RPS17L
RPS4X
RPS4Y1
RYR3
S100G
SARM1
SARS
SAT1
SBF2-AS1
SCAPER
SEMA4C
SENP1
SEPT12
SEPT5
SEPT5-GP1BB
SEPT9
SF3B1
SFTPA1
SFTPD
SH2B3
SH3GL1
SHFM1
SIM1
SLC10A3
SLC12A4
SLC22A18
SLC22A18AS
SLC25A35
SLC26A1
SLC26A4-AS1
SLC30A2
SLC31A1
SLC6A1
SLC9A7
SLC9B1
SLCO1B7
SLMO2-ATP5E
SNAPC5
SNHG4
SNRPN
SNURF
SNX22
SOX15
SOX7
SPAG8
SPECC1L-ADORA2A
SPTLC2
SRP19
STAB2
STAG1
STOM
STOX1
STRN3
STX16-NPEPL1
SYNCRIP
SYP-AS1
TACR1
TAF15
TAF1C
TAF6
TAF7L
TAL1
TANC2
TAPSAR1
TBCK
TBX21
TCL1A
TCP1
TET2
TFAP2A-AS1
TFE3
TIGD6
TLDC2
TLX1
TMEM114
TMEM135
TMEM50B
TMEM69
TMEM99
TMPO-AS1
TNF
TNFRSF25
TNPO2
TNXA
TOE1
TOPORS-AS1
TPBG
TPR
TPTE2P5
TREH
TRH
TRIM24
TRIM33
TRIO
TRMT1
TSG101
TSPEAR-AS1
TST
TTC5
TTN-AS1
TUBAL3
TXNRD2
UBB
UBL4A
UBR7
UFD1L
UGT1A10
UGT1A3
UGT1A4
UGT1A5
UGT1A6
UGT1A7
UGT1A8
UGT1A9
UGT2A3
ULK4P1
ULK4P2
UQCRC1
URB1
USP27X
UTP14C
VLDLR-AS1
VPS13A-AS1
VPS33B
VRK2
WDR36
WDR45B
WDR65
WDR81
WHSC1
WHSC1L1
WTAPP1
YWHAE
ZBTB11
ZBTB11-AS1
ZBTB12
ZBTB40
ZC3H14
ZC4H2
ZCCHC12
ZCCHC8
ZFHX4
ZFX
ZFY
ZMYM3
ZMYM6
ZMYM6NB
ZNF276
ZNF33A
ZNF35
ZNF454
ZNF526
ZNF610
ZNHIT1
ZSWIM7
